logic__163: 
case__17: 
case__73: 
datapath__15: 
reg__22: 
muxpart__1: 
datapath__1: 
reg__13: 
logic__85: 
case__66: 
case__53: 
one_pulse: 
case__62: 
datapath__11: 
reg__20: 
logic__139: 
logic__70: 
case__41: 
SevenSegment: 
reg__10: 
case__68: 
logic__63: 
case__26: 
logic__230: 
reg__7: 
muxpart__24: 
case__24: 
KeyboardDecoder: 
logic__141: 
logic__132: 
case__56: 
case__37: 
datapath__10: 
case__30: 
counter__1: 
logic__240: 
reg__3: 
case__1: 
case__60: 
logic__168: 
logic__148: 
logic__82: 
logic__172: 
case__25: 
case__54: 
logic__175: 
case: 
reg__1: 
clock_divider: 
datapath__2: 
case__64: 
case__65: 
muxpart__20: 
reg__21: 
logic__6: 
logic__97: 
reg__2: 
case__57: 
reg__9: 
logic__15: 
datapath__8: 
muxpart__2: 
logic__4: 
counter: 
case__18: 
datapath: 
logic__8: 
case__34: 
case__72: 
case__2: 
logic__69: 
logic__80: 
case__46: 
reg__16: 
reg__19: 
dsp48e1__1: 
logic__86: 
datapath__5: 
logic: 
case__63: 
case__15: 
reg__18: 
case__40: 
case__51: 
case__16: 
case__48: 
datapath__16: 
logic__89: 
logic__120: 
muxpart: 
reg__17: 
dsp48e1: 
logic__174: 
case__33: 
reg__15: 
logic__71: 
case__50: 
datapath__6: 
reg__14: 
logic__9: 
logic__136: 
debounce: 
logic__186: 
case__71: 
muxpart__19: 
datapath__9: 
logic__79: 
logic__45: 
reg__27: 
logic__114: 
muxpart__22: 
case__22: 
logic__149: 
muxpart__21: 
case__20: 
logic__113: 
logic__13: 
case__36: 
datapath__13: 
logic__105: 
case__70: 
case__14: 
logic__167: 
case__55: 
logic__211: 
logic__135: 
logic__173: 
reg: 
datapath__14: 
logic__216: 
logic__231: 
case__32: 
logic__152: 
case__31: 
reg__24: 
muxpart__4: 
case__21: 
reg__4: 
datapath__3: 
logic__91: 
datapath__7: 
logic__164: 
logic__104: 
case__19: 
dsp48e1__2: 
datapath__12: 
muxpart__23: 
case__45: 
case__23: 
reg__26: 
rom: 
case__35: 
logic__11: 
case__38: 
logic__14: 
muxpart__3: 
reg__25: 
case__47: 
datapath__17: 
case__69: 
datapath__4: 
reg__8: 
case__39: 
reg__23: 
case__61: 
logic__140: 
logic__126: 
Lab5: 
case__52: 
case__58: 
logic__217: 
muxpart__26: 
